>338
GCAAAAAAGACAATGAGCTGCTTCG
>339
GACAATTACTGGCCAATGAGCAGAA
>941
TCATCTAGGTTCAGCATCTTAAGCT
>942
GCGTCAGGCCCCACATAGCGCCCCC
>940
TGCTGCAGCAGTACTGTATGGCCTC
>945
CCCCAGGACGTCAGTGGGACCTCAC
>332
TGCGTTTGTGCTGATGGTTTCCATG
>946
GGACTCAATGTATGGCATTATGTTA
>333
ACTGCTATTATCATAGACCTTCAGG
>943
TCTGAAGATGGAGACTCAATTCCTT
>330
TGGTACAAGATCTTCACAACTGCCA
>944
ACCATGTTGCACTGCTGCAGGCTGC
>331
GGGTCTTGTGGACACTTGGTTCAGG
>949
TTACTGTGAGGATACATCGAAGCTA
>336
TTGTTATATTATTTGATCCAACTTG
>337
AGTCGGTGGGCCATTCCCTGGGAAA
>947
GCATTTTCAGACAGACAGAGTTGAG
>334
GTGGCTCTGGCTGACGCCTAATCCT
>948
CTGCCAGAGATGCCAACACGAAATA
>335
CAAGCATAAAATCTATTACTGTGGA
>531
TCTTCAAACTAAGGTCCCAAGGGTC
>748
GATCATGTACTTACGACAAGTCTAC
>530
CTGAGATATGCACCCTGTGTCCGGG
>747
CCAACGATCTTCAAGCTGTTGACAG
>746
AAGGCTGTGAAGTGTAAGGTCCGCA
>745
AAGCAGTGGGAAATGGCGTCTCGGG
>535
CCCGTTTTAGAGAA
>534
CTGTAGATCTGTCTCAATTGAAGTT
>533
TGCCCCAAAGTCAAGTGGCAGCCAC
>532
GGACCAGTTCCAAATCTCTTGTGTC
>749
AACTTGCTACTGGCCGAAAAGCCAT
>539
TTGTTGTTCCAGATGACGACCGCTC
>740
AAAGTCAAGGAATTCTGAGAAGCCC
>538
TGGGATCCACCACGCTAGCCATCTC
>537
CTTCAGAAAGTAGCTAACCATGTTG
>536
TCCTGGTCTTTTGCAGTGCGTTTGT
>744
TACAATTGGCGTTTCCTTTTCAGAG
>743
TACCCAGCCGCCCCAGTCCCTGGAG
>742
GACTCAACAATTAGGACTCAATGTA
>741
GAGGAAATGTGAAATTGCTCTGACG
>349
AGGAAATGTGAAATTGCTCTGACGA
>930
AGGACATGGACGTGCCATTAACCTA
>931
AGAGAGTAGGACATGGACGTGCCAT
>932
AGTTGCTCCTCTTTCTGTCCTCTAC
>341
AGATCTTCAGAACTGTTCCCTGAAG
>933
CCTCGGGGGTCTTGTGGACACTTGG
>342
CCCAGGATTCCGATGCCTTAACTTT
>934
CTCTTTTCCTTTTCCACCAAGCTGC
>343
GCTGCCTGAATCAGAAGGGCACCAT
>935
AGAGCAATCCTGAATTTTGCCCTGA
>344
TTACTTGGTTTGCCGTTTTAATTCC
>936
GCGGCTCTCGGGCGGCCGCCCTGCT
>345
TGGCGTTTCCTTTTCAGAGAAATTT
>937
CGAGTCATTTCTGTAGTGAAGAGCA
>346
GAGGAGCTTAACAGTTTGGAATGGT
>938
CGCGCGGAGCCGGCGTCCCGTTGGC
>347
GCTTCACAGTGAGAGAAAGGACCAC
>939
GGGCCCAGGGGACAGGCAGTTCTTC
>348
AGGCAGGAGAATCTCAAGTTCAGGG
>3
TGGTTCAGGAGTGGACTCGTACTAA
>540
AATCTCTTGTGTCTCGAGAACATGA
>735
GAAACACTGCGCTTGTGTCTGGAGG
>929
GGTGGAAAGCAGTGGGAAATGGCGT
>2
TACCACAAGATGTTCCCTGTCCTGG
>734
TCATTTCTGGCTGCAGTTTTGCATA
>1
AGACTCAATTCCTTATACTATTAAT
>542
CACGGCAGAAGAGATGTTGCTCTAA
>737
TTGCCGCTGGTGGGAAGCATGTTCA
>0
TGGCTCTGATCCTCACATCCTCTCA
>541
AAGGTTCTTCTCTTTTCCTTTTCCA
>736
CCCAAGGGTCATGTCTTACGAGAGA
>7
GGACCGGAGCTGGCCTAGGGAGAGC
>544
TGTCGCAGCCAAGAAGATTTACTTC
>739
GGTAGCAGGATTCACTTCAAGAAGC
>6
AAGGTTCTTCTCTTTTCCTTTTCCA
>543
CAGCCTTGCCAGCTCTGAAACATCG
>738
TTTGCAGTTCTAAGACATACAAAAC
>340
CTCCACAATGGCTGGTGGACTAGGT
>5
ACCTTGTGCCTTAGTTACCTGACTG
>546
CCTTAGTTACCTGACTGTGCTTCAG
>4
AAAAGGGAACTCGTGAAGATATTGA
>545
TGGATACCTGGGGATATTTCAGAGT
>548
ATTCCTTATACTATTAATAGGTACT
>547
GCTTACTGTGAGGATACATCGAAGC
>9
TCCTGGTTCTGGGCGTGGAGAGGGC
>8
CATCAGTGATTCGCTGCCTCTGTGC
>549
CACGCTAGCCATCTCCATTCTACTT
>731
TGTCCAGAGTGGCTGCTTACTGTGA
>730
CAACAGAAAAATATGTGAAGGAAAA
>733
TCTCAGTGTGCTTGCAAGGAAACTT
>732
ACAACAGTCTTCTGTCCAAACAGCA
>920
GCACCATCTTGGGGCTAGATCTTCA
>318
TGTCCAGAGTGGCTGCTTACTGTGA
>319
TACTAGGGCCACATCTGAAGAGCGA
>316
TGGACATGGGCTTCTTCACGGAGAG
>317
CCAGGACTTTTAGGTAGCAGGATTC
>927
AGACAATACCTCTTCAAAGACTTCA
>314
CACTGAACATTTGTTTACAAACTTG
>928
AACATGGTTGAAAGGGGAACCTTCA
>315
GGAGGATGGCTGGGGAAGGGAGTTG
>925
GGTGGATAATATGTGACTTTAGTCT
>312
GAATTGGATACCTGGGGATATTTCA
>926
CAGCTATTATTGTAGATGAAGCTCA
>313
CGACACATACAGCAACGCCACGCTC
>923
GAAAGCAAACGAGAAGTTTTTGTGG
>310
TTGCTACTGGCCGAAAAGCCATGCA
>924
GCTTACTGTGAGGATACATCGAAGC
>311
AGCGCCATGGCCATCGCCTTCCTCA
>921
AAAGCAAACGAGAAGTTTTTGTGGA
>922
TTTATTTTTAGAGGAAATACATTTT
>513
TGTGTATCAGAAAACGAGACACTGA
>512
GCTGTTCCTTGCTGGTATACCTCAG
>729
ACTCAGAGTTTGTGTGCTGTGGTCT
>511
ATCCTGGAGGTGTGAAGTTGTTCTG
>728
GTGTTCACAGCATGCATGACCCTCA
>510
CGTAGCTCTCAGGTTATTGAGGATT
>727
TCATGGGTTCTTTCCCTAATATCTG
>726
ATCCCACTCAGAGAATCCCTAAGAA
>725
CTGTGTACCAAAGCACCCAGTACCT
>919
TCCAGATGAAAAATGTGTTTCTGAT
>724
CGGGCGGCCGCCCTGCTCCTGGTTC
>918
ATGTACTTACGACAAGTCTACAAGC
>723
CACTACATAGAGGGGAGAGGGTGTA
>722
GCGTCTCGGGAGTCAGGCGGCTCTC
>721
CATTCCTCCTCGCCCTGGGACACTT
>519
TCCCTTCCCCCATTGATTTTCTGTG
>720
TTGTATCATATTGTAACGTGTCATA
>518
TAAATGAAGGAGTTATCAGTCAAGA
>517
AATTTTTGGTATTCCTTCTCAAAAA
>516
CATTCATTATCTGAAAGATAACCGA
>515
GCGTGTGGGGATCTTGCCAGAGCTG
>514
CCCGAGTTACAGAAGTTATGAAGGC
>327
TCTCCCGTCCCTTGCTGCATGATGG
>328
CCACAAGATGTTCCCTGTCCTGGAG
>329
ATGAAGACTCAACAATTAGGACTCA
>914
CAAGCCCGGACCTTTGGGATCTGGA
>323
TACAGGCTTATACTGCTATTATCAT
>915
CTCGATTACCGGCGACTCGATGGAA
>324
AAAGAACATCGAGGAGAGCTCTTTG
>916
AGAAAAAGAAAGATGTATATCGTAC
>325
GTGAAGGAAAATCAGTCAGATCTCA
>917
CCACCAAGCTGCTGGATGTGCTGCA
>326
TGAAGGAGTTATCAGTCAAGAGCAA
>910
CTTAAGCTTTCGAGAGGGTTTTTTG
>709
GGAAAGATGAGCTGGAAGCTTCCCT
>911
AAGACAGGTGGTGTCCGGGAGAAAG
>320
AGCAGTACAAGGATCAAAAGAACAT
>912
TAGTTACCTGACTGTGCTTCAGAAA
>321
CAAGATTGTGAAGGAGTTTAACAGT
>913
AAGACATTAAGCTCAGATGTTGACG
>322
TTTGATCCAACTTGGAATCCAGCCA
>522
CATGGATACAAGTGTATGAGGCAGG
>717
AGGCACTGTGGGACTCGAGGGCAGC
>521
GGACCTTTGCAATAGCACTGGAAGC
>716
GTTCATGTATGGGGCACACTGAACA
>524
GTGCTTCAGAAAGTAGCTAACCATG
>719
TGTTTTACACGGTAGCAAAAAAGAC
>523
TAGAAAAACCTTATTTCCCAGATCG
>718
CATCTTGGGGCTAGATCTTCAGAAC
>908
TTTCCATGGATACAAGTGTATGAGG
>713
TTATTTGATCCAACTTGGAATCCAG
>907
TCATGTCTAAGGGCACTCTGACCCT
>712
TTGGTCTTCAGAACAAATGTAATTG
>520
AAGTCCCCAGAAATGGCTGAGGATT
>715
GAATCATTTTAGGAAACAAAGAGAT
>909
CATGGGACTTGGAAAAACAATACAG
>714
TCCAAACAGCAACTCTGAAGCCCTG
>529
AGAGGGTTTTTTGTTTTTTGATCTT
>711
TGCCAAGGGCAAAGGGACCTTTGCA
>710
CCCTGAAGGATCCTGGTCCAAACTT
>526
TCAGGCGTACCAAGACTCTTATCAA
>525
CAAATCTCTTGTGTCTCGAGAACAT
>528
GTAGTACTGGATCGTCAGGCAGAGC
>527
AGGTTTGCTGTGGTTCTTGTTTCAG
>989
CCATCCTGAGGCCAGATACATACTT
>988
CCTCTCTTGGAGGGGAGTCATGAGC
>987
ATGTGCTGCAGCAGTACTGTATGGC
>571
GAAGGAGTTTAACAGTTCACAAGAT
>570
TCACGGGGTGACACAGTGAGAACCT
>982
GTGGAGAGGGCCCTGGCTCTACCTG
>981
CAATTCCTTATACTATTAATAGGTA
>980
CCGTGGGCATTTTCAGACAGACAGA
>986
TAGTTGCTCCTCTTTCTGTCCTCTA
>985
TTTGTCTTGTCTCCACAATGGCTGG
>984
CTGGAGGAGTCAGGCCCCATCAATA
>983
TTTTGCAGTGCGTTTGTGCTGATGG
>700
ATTGAGGCCAGCCTTGCCAGCTCTG
>574
TTTACACGGTAGCAAAAAAGACAAT
>703
ATACAAAACTCAGGTGAAGGCAAAC
>575
GCACCACCTCGGGGGTCTTGTGGAC
>704
CTTTCTATTGCTGGGCCCAGGGGAC
>572
AGATAAGAAAAATAACACTTTTATA
>701
GGTATACCTCAGAAGTGGAATGTCA
>573
TTTGGCCAACACCTTCCGTGGGTTT
>702
TGACAATTACTGGCCAATGAGCAGA
>578
TGATCCTCACATCCTCTCAGCCTTG
>707
GGGGCGGTTGCCGCTGGTGGGAAGC
>579
GAGACGTTAAAGTGCTTAGGCTAAT
>708
GCTATGGATGTTCATGTATGGGGCA
>576
ACCTTATTTCCCAGATCGAAAAATT
>705
TTTTCCTTTTCCACCAAGCTGCTGG
>577
AGGAAACAGTTATCAAGAGGATATG
>706
CAGATACATACTTTAAAATTCAGAT
>977
GGATGATTTGGCCAACACCTTCCGT
>976
GCGTCTCGGGAGTCAGGCGGCTCTC
>979
ACAAGTTACTAGGGCCACATCTGAA
>300
CCCAGGACTTTATGCAAGCACTCTG
>978
TAATATAACTATTATTAACTGGCAT
>302
AGCAGCCCTTTGGAGGCTGAGGCAG
>580
ATCAGGAAACAGTTATCAAGAGGAT
>301
GCCATGGGGAACACACTCCAGAGCT
>304
GTTTTCCCAGCTCCCTGCTAATGTA
>582
GAGGAATCCGCAGAAAGCAGTTTGA
>303
TAGAGAA
>581
CTAATGTGTCCTCCCCTAGCTATAA
>306
AGGTATGCACAATTTGTCCAGAGTG
>305
ACTTCACTGTGTGGTGGTTGGAAGT
>971
TAACTATTATTAACTGGCATCTTCC
>308
TACCTCAAAGCCAAAACTTACTCAT
>970
TTGTGCAGAAAAGCAAAGATGCAGC
>307
GCCTGCTGCCTGGAACGCCGATGAC
>973
CTAGGAAATTCCCCAGGACGTCAGT
>972
GCCATCTCCATTCTACTTTGGGGAA
>309
GGCTCTACCTGAGATATGCACCCTG
>975
TCCACAATGGCTGGTGGACTAGGTC
>974
GGTCTTTTGCAGTGCGTTTGTGCTG
>583
GGTTTTTATGATCAGTGTCAGCGCC
>584
CGAAAAATTCCATCTTTGGCTAGTG
>585
TGGGCGTGGAGAGGGCCCTGGCTCT
>586
TTTTGCAGTTGTCCTGTATCCAGAC
>587
GAAGCGGCCATTGATAATGAAAGGT
>588
TTTGCAGTGCGTTTGTGCTGATGGT
>589
AATGGACCAGTTCCAAATCTCTTGT
>969
AGCAGTACTGTATGGCCTCGGGCCT
>968
AAGCACAAAGTCCGAGGAAAGGCTC
>967
AGGCTGCTCGTCAAAAGACTTGGGA
>966
CATGTCGCAGCCAAGAAGATTTACT
>965
CATCAGTGATTCGCTGCCTCTGTGC
>964
TCCGTGGCCTTACGTGAGTGACTTG
>963
CCGGCAGCCGGCCCACGTGCCGTGC
>962
CAGAGTTACTGTTTTACACGGTAGC
>961
CCCTGTGTCCGGGAGGTATGCACAA
>960
CTGGTATACCTCAGAAGTGGAATGT
>558
TTGGGGAACCCAGCGCCGGAAAGCC
>559
AGAAAAGCAAAGATGCAGCCTTTGA
>556
TTGTTCTGTGACCTCTTCAATAATG
>557
ATTGGTGTTCTTTAAACAAAAAGTA
>554
AGATGTTCCCTGTCCTGGAGGTAGT
>555
TTTCTGTGTTTGAAGTATGTGCATA
>552
TGGAGAGGGCCCTGGCTCTACCTGA
>553
TTGCCCTGGATGCACCTGAACTCGT
>550
CCTGTGGCAGTGGCCAGAAGCGCAG
>551
CAGTTCACAAGATGTGAACATTTGT
>959
TGAAACACTGCGCTTGTGTCTGGAG
>958
GCAAACATAGTGTCACCTACAGAGA
>560
AACATTTGTCTTGTCTCCACAATGG
>955
TTCTGATGAGCAGCCCATGTGTCTT
>954
AGAAGTAAAATCAACTAAAGATTAC
>957
TGCTTACTGTGAGGATACATCGAAG
>956
AGAGTTCCGTGTCTACACTGGCAAC
>951
AGCTCACCTGACTGCGCACCCTCAT
>950
TGCCCTCTCCTCATTGGCATTGGGA
>953
GGCTCTGATCCTCACATCCTCTCAG
>952
CTGGATGTGCTGCAGCAGTACTGTA
>569
ATAACATGCCAGAGTTTTTACTAAA
>565
GGTTTCCATGGATACAAGTGTATGA
>566
CTCTTTTAAAAGAAAACCCCTCAAA
>567
TTGACTACAATAAACACCTTTTCCC
>568
TCTGGGATCCACCACGCTAGCCATC
>561
CGGGGGTCTTGTGGACACTTGGTTC
>562
ATCCCCAGACAGTGTTCTCTCAAGC
>563
TATTATCATAGACCTTCAGGCAAAT
>564
TGGACACTTGGTTCAGGAGTGGACT
>799
TTTAGGAAACAAAGAGATAAGGTTC
>798
GATCAAAAGAACATCGAGGAGAGCT
>797
CTTTTCCCCCGTTTTAGAGAA
>796
GAACTTGCTACTGGCCGAAAAGCCA
>795
TCCTGTAACAGCAAAGGAAGCAAAT
>794
AGATAAAATCAGCTTGTCCCCCAAG
>793
TCCTTTTGTCTCTCACCGTATGGTA
>792
CGCGCGGAGCCGGCGTCCCGTTGGC
>996
TATTTGTGTAATGCATTTTATAATA
>790
AAGTCCCGGCCATGTCGCAGCCAAG
>997
AAACTAAGGTCCCAAGGGTCATGTC
>791
GCCGGAAAGCCAAGGCTTCATGAGC
>994
ACAGTTCACAAGATGTGAACATTTG
>995
GCAAGCCAAACCTTGTGAATGGCCT
>992
TTGCCCTCTCGTATTCCATTTAAAA
>993
AGCAGCTCGTGTTCCAGCGCCAGTG
>990
TGTTGTTACAAGACCAACTCACGGG
>991
TTCGTTTAAAGCAGAGGAAATGTGA
>998
TGTCAAATTGCACCACCTCGGGGGT
>999
ACTGGCAACTAGGAACTGGGGTGCT
>781
ACTACCACAAGATGTTCCCTGTCCT
>782
CTCAAGACTACAATCCTTTCTGGTG
>783
CATGGACGTGCCATTAACCTAGATA
>784
CTGGGCTGTGCCAGGACTTTTAGGT
>785
CAAATCCTCTCAAGGATGATTTGGC
>786
CTGAAGATGGAGACTCAATTCCTTA
>787
GGAAACAAAGAGATAAGGTTCTTCT
>788
TGGAAGGATTTTCCTTAGGACAGGT
>789
AACTCCAGGCTTCCCAGCACAGCTC
>780
AACTGTTTAAGGCTGAAGCGGCCAT
>772
AACTGGAAGGATTTTCCTTAGGACA
>505
TGGTGTTATAAGGGTGCCATTGGGA
>773
GCGCCAGTGGGGCCGAGGTTTGCTG
>506
TCCACCACGCTAGCCATCTCCATTC
>770
CCTACAGAGAAAGATCAACCACCAA
>503
AACACCTTTTCCCCCGTTTTAGAGA
>771
CAGGATTCACTTCAAGAAGCAATTT
>504
TACTAATTTGTATTATTGACTACAA
>776
AGATTGGATTGTCAGGCAGGGAAGC
>509
GAGGCATTTCCTCTCCTCTGTACGT
>777
CAATTGGCGTTTCCTTTTCAGAGAA
>774
GAAAGGTGTCAAATTGCACCACCTC
>507
AGTAGCTAACCATGTTGCACTGCTG
>775
AGAGGGTTTTTTGTTTTTTGATCTT
>508
GAAAATGAAGGTCCTCCAGCAGCTT
>778
CTAGTCTTCTCTGAGACTTTGAGAC
>779
CAGAGAAATTTTTGGTATTCCTTCT
>501
CGTTGACAATTACTGGCCAATGAGC
>502
CATGCACAGGCTTGCAAAAAAGATG
>500
TGTGGACACTTGGTTCAGGAGTGGA
>763
TGCCTGGAACGCCGATGACTGTGCC
>764
CCGGCCCACGTGCCGTGCTCTCCTC
>765
GCTCCTGGTTCTGGGCGTGGAGAGG
>766
ATTTACTTCGTTGACAATTACTGGC
>760
GTGTCCGGGAGGTATGCACAATTTG
>761
CAATAAACACCTTTTCCCCCGTTTT
>762
AGTGGGAAAATGAAGGTCCTCCAGC
>767
AAACCTTTTGCAGTTGTCCTGTATC
>768
ATGTTGCACTGCTGCAGGCTGCTAG
>769
GAAAAATTACTTAGGTATGTCAGCA
>754
CTCTCGAAATGTTACACACCTGTAC
>755
ACCATATAGTAACAGCAGTAATTCT
>752
TCTTTCAAGGACAAGCAGATTTGCC
>753
CTAATATCCTTGGGCACAGTGGAGG
>750
TGAAATTTAAGAGAAAAAAGGAAAA
>751
AAGGGAGGGGGCTCAGTTCCTCTAC
>758
TGGAATTATGTTCTATTACTATTAA
>759
AGAAGACCGGATGGTGTATTGTTCT
>756
CCGGGAGAAAGATGTCTTGCTCCAT
>757
AACATTTGTCTTGTCTCCACAATGG
>595
GGGTACTCTCGAAATGTTACACACC
>594
TTTACTCAGCTGCAGACTCTGATAC
>391
CCCATCAATATTTCAGTGGCCATTA
>597
GGGACAATGTTACTTCTTTCAAGGA
>390
ACGCCGCCGCGTCAGGCCCCACATA
>596
AAAAACCTTATTTCCCAGATCGAAA
>393
TCTGGAGGAGCTTAACAGTTTGGAA
>599
GACTACAATAAACACCTTTTCCCCC
>392
AAACCTGCATCTCATGCACACCAGT
>598
CACAGGCTTGCAAAAAAGATGTCTG
>395
GAAGAGAGGGTGAGGAATAAATCTA
>394
GGGAACCCAGCGCCGGAAAGCCAAG
>396
TCAGGTCCCCGAGTCATTTCTGTAG
>397
TCAGAAAGTAGCTAACCATGTTGCA
>398
TGGTCAGCTATTATTGTAGATGAAG
>399
AAGCCCAGAAATGTGTCCTGAGAAC
>590
CACCGTAGCAGGTAGACAGATGGAG
>591
TTAAAAGCCACGGGGAAGGTCCCAC
>592
GATCTTGTGCATCTGACGGTCCTGG
>593
CACTGCTGCAGGCTGCTAGCACCTC
>383
TTGCCCATTCATTATCTGAAAGATA
>384
TGTTCCCTCTGGTGGCTTTTACATG
>381
GAGGGGCGTTCTCCTGGCTTGAGAA
>382
AAGGTGGATAATATGTGACTTTAGT
>380
GAGAA
>389
GATGTATATCGTACTAACCATACTA
>388
CACCATGACCGTCGGGCAGGCCAGA
>387
TGAAGCCCTGGAGGCAGAGCTAGGA
>386
ACATCCTCTCAGCCTTGTACCTGTG
>385
TCAGATTAAGCTGTTACTGAGTGAG
>370
GTTTTCCCAGCTCCCTGCTAATGTA
>371
CCGCGAGTGAACAGGGCCAGGCCGC
>372
ACCCAGAGGTAAAGGAGTTCTTTGT
>373
CCGTTTTAGAGAA
>379
AGGACGTCAGTGGGACCTCACAGGA
>378
TGTGATCGGGTATTTTCCAGATTCC
>375
AAGGCATGAGGCACTCTCTGATGGC
>374
TAGAGAA
>377
GTGGACTCGTACTAATTTGTATTAT
>376
GAGGATGGCTTACTTGGTGACACCT
>361
ACCACCTCGGGGGTCTTGTGGACAC
>362
ATAGACCTTCAGGCAAATCCTCTCA
>360
TTTATCATGTTATGATTCCACCAAC
>366
AAAGGGAACTCGTGAAGATATTGAA
>365
CTCCAAACATCAGGAAACAGTTATC
>364
AATGTAATTGTATCATATTGTAACG
>363
GTGGATAATATGTGACTTTAGTCTA
>369
AAAGAAGCCGCCTTCTACAGCTAAA
>368
GGCCCACGTGCCGTGCTCTCCTCGC
>367
CTGCTTCAGAATTGATAAAATCTGT
>350
AAGACAGTGATGTCATCTTTCCCAC
>351
GGTATTTCTGTTGTGTTCTTGGCAG
>353
TTCCGATGCCTTAACTTTTCACATT
>352
AATAGGTACTTGCGAGATTACCAAA
>355
CATCTCCATTCTACTTTGGGGAACC
>354
GACTACAATAAACACCTTTTCCCCC
>357
GGATACATCGAAGCTAATGCAGGCC
>356
ATGGACCAGTTCCAAATCTCTTGTG
>359
AGAAAAAGAAAGATGTATATCGTAC
>358
TAGGAAACAAAGAGATAAGGTTCTT
>806
CCCGCAAAGACAGGTGGTGTCCGGG
>807
CCATCCTCGGGCATCAGATTGGATT
>804
AAGGCTTTTCTGTTTATATGTTATA
>805
CTACAGAGAAAGATCAACCACCAAG
>802
GGTGGATAATATGTGACTTTAGTCT
>803
GCTTTTGAATCATTTTAGGAAACAA
>800
CCATGTTGCACTGCTGCAGGCTGCT
>801
TTTTCACTGCTTATGTTCTTTGGGA
>159
CACACTTTTCTCTACGAGAAGCTCT
>158
AAGTTACAAAATACCCCCTGAGATG
>157
TCGTACTAATTTGTATTATTGACTA
>156
AATCATTAACGCTCATGTATGTAGT
>155
AATTCTCTGACACCAGTAGAACTCC
>154
GTATTTCTTAAGTAAAAGGAAATGA
>152
CACAATTTGTCCAGAGTGGCTGCTT
>601
GATTTTTATCTTTGCCCAGGATTCC
>153
CTCGAAATGTTACACACCTGTACTC
>600
CCACGCTAGCCATCTCCATTCTACT
>150
GCCCACGTGCCGTGCTCTCCTCGCC
>151
TTTTTCTTCTAAATTGAAGCTTGTT
>609
TCTGTTTTAATCATTAACGCTCATG
>608
AAAACCCAGGGTCAGAAAACACTCC
>607
CACTCTATCACATCACACTGTGGAC
>606
ATGCAAGCACTCTGGGCAACTGAGC
>605
AGAAGTTATGAAGGCTGTGAAGTGT
>604
AGACTTCAAGAAGTAAAATCAACTA
>603
GCAACTTCACTGTGTGGTGGTTGGA
>602
ATACTCTTGTTAGTCCTTCAAAGTC
>202
CCGTACAGCTGGACATCATTGCATG
>203
GATATTTCAGAGTTACTGTTTTACA
>204
AAGCCCAGAAATGTGTCCTGAGAAC
>205
CAGATTTGCCAAGGGCAAAGGGACC
>200
GAAAGGGGAACCTTCAGCACAAGAA
>201
GTGAAGTGTAAGGTCCGCATTGGCC
>169
GTAGATGAAGCTCATAGAATCAAGA
>206
TATCCAGACTTTCAAGAAAAGACAA
>166
GTCTCAAGTTTACAACAGAAAAATA
>207
ATCTATTACTGTGGATGGAAATGGG
>165
GAACTTGCTACTGGCCGAAAAGCCA
>208
ATAACATGCCAGAGTTTTTACTAAA
>168
GTGCGTTTGTGCTGATGGTTTCCAT
>209
CTCTAAGTTGTTTGAGGCAAAGTAT
>167
TTTCCCACACAGTATCCCACTCAGA
>161
CAGCAAACTCACTGACTTGGCAGTG
>409
AGAACTGTTCCCTGAAGGATCCTGG
>162
TCTCAAGGATGATTTGGCCAACACC
>408
TGATAAACACAAATTCTCTGACACC
>163
GAAATATGCTCAAGACTACAATCCT
>164
ACAAGATCTTCACAACTGCCAGAGA
>405
CGGGCGGCCGCCCTGCTCCTGGTTC
>404
AGCAAACTCACTGACTTGGCAGTGA
>407
CATCTGGATTTACTTGGTTTGCCGT
>160
GGGGCGTTCTCCTGGCTTGAGAAGT
>406
CGGCCATGTCGCAGCCAAGAAGATT
>401
GCTGTTCCTTGCTGGTATACCTCAG
>400
TGGGGAAGGGAGTTGTGGGCTGAAG
>403
GAGACTCAATTCCTTATACTATTAA
>402
CATCCTGAGGCCAGATACATACTTT
>824
TCAGGCCCCATCAATATTTCAGTGG
>211
ATGTTTGTGAGCTCTACAGCGACAT
>825
GTCCTGGTCTTTTGCAGTGCGTTTG
>212
GGGTGTGAAGATAAATGCATGTAAG
>822
GATTTTTATCTTTGCCCAGGATTCC
>823
GCACTTTTGTCCTGTAACTGTAGAT
>210
AGCGCCCTCTCTTGGAGGGGAGTCA
>828
TGGCTTGAGAAGTAGCTGTGTAGTG
>215
GGCTGCCGGGTGCCTGCCCCTAGCC
>829
AAAATTAAGATTTTTTTTCCTAAAT
>216
GGATGGCTGGGGAAGGGAGTTGTGG
>826
TGGCCAACACCTTCCGTGGGTTTAC
>213
GTGGGCTACTAGAGACCTCTGACCC
>827
GAATCTCAAGTTCAGGGCCAGCCTG
>214
ATGAAGGTCCTCCAGCAGCTTTTGA
>219
TTCCCTGTCCTGGAGGTAGTAATGC
>179
GCTGCCCCCGGAGTCTTCCCCGTCA
>178
CATTAACCTAGATATTGATGAGCTG
>217
CAGACAGACAGAGTTGAGAGGGATT
>177
GGTAGTAATGCCTGGGACAATGTTA
>218
CGGTGGCTGGCATACCATATAGTAA
>176
CCAGCAGCTTTTGAATCATTTTAGG
>820
AAAGGTGTCAAATTGCACCACCTCG
>821
GAAGTGGCTTATATCCACTCAAATC
>170
GTCCGAGGAAAGGCTCAAGATTGTG
>418
AACTCGTGAAGATATTGAAAATAAC
>171
GGAACTCGTGAAGATATTGAAAATA
>417
TTTACAGGCTTATACTGCTATTATC
>416
CTCTCAAGGATGATTTGGCCAACAC
>415
GTTGTTATATTATTTGATCCAACTT
>174
TCTACAGCTAAAAAGATGTTCTTAA
>623
CCAACACCTTCCGTGGGTTTACTCA
>175
GCTAGTGCTTTTCAATTATCTGAAG
>622
TCTAGTGATGCAGAGATTAACAAAT
>172
CCTGAGCACATAGACTGGGCTCCTT
>621
GGTGGAAAGCAGTGGGAAATGGCGT
>173
TGGGACAGGGTGACACAGAGTCAGA
>419
CCAGAAGTCTTATATTTGATGATAA
>620
CCTTTGTCAGGACACTGCGTTTCAG
>410
TCTGGCTGGTTTCTCAGGCGTACCA
>627
GTAGATGAAGCTCATAGAATCAAGA
>626
ATGTGTCCTGAGAACGGATCTTGTG
>625
ACGAGAAGTTTTTGTGGAAGACATT
>819
ATATGTGATCGGGTATTTTCCAGAT
>624
TTTTATCCCAGGCATTCTTAGATGG
>414
AAGCGGCCATTGATAATGAAAGGTG
>413
AGGTACTTGCGAGATTACCAAAGGG
>412
AAAAAAAAGTTACAATTTACTACTG
>629
ACTCGTGAAGATATTGAAAATAACA
>411
ATGACATTGACATGTTCCCCAAGTC
>628
TAGCCATCTCCATTCTACTTTGGGG
>811
TACCACCACACCAGAGAGCACCATG
>220
ATTATTAACTGGCATCTTCCCTCCT
>812
GATAATGAAAGGTGTCAAATTGCAC
>221
CCAGTTCCAAATCTCTTGTGTCTCG
>813
AGCCTTGTACCTGTGGCAGTGGCCA
>222
GGGAATGGACCAGTTCCAAATCTCT
>814
ATTGATGAGCTGCTGGCCCTGGCTA
>223
CACAATGGCTGGTGGACTAGGTCTC
>815
CAATTCCTTATACTATTAATAGGTA
>224
GAAAGTAGCTAACCATGTTGCACTG
>816
GCATCTGACGGTCCTGGTCTTTTGC
>225
GGTCCCTCTGTCCCATTGCCCTCTC
>817
GACACACAGCCTTCCACTTTTAAAC
>226
TGATCCAACTTGGAATCCAGCCAAC
>818
AGGCTTCATGAGCCACACAAGACTT
>227
TTGTACTTCAGAACATCAGAAATCA
>228
TGAAAAGACTTTAGAACAGAATGTT
>188
GCTCCTGGTTCTGGGCGTGGAGAGG
>229
ACCTTTTGCAGTTGTCCTGTATCCA
>187
TCATTATCTGAAAGATAACCGACAC
>189
GAAAAGCAAAGATGCAGCCTTTGAG
>810
TCAGATGTTGACGATGAAAGCATAA
>427
CAGAACTGTTTAAGGCTGAAGCGGC
>180
GTAGCAAGTTTCTCAATCCTGGGCA
>426
AAGGAGTTTGCTGAACAAGTTACTA
>181
CAATAAACACCTTTTCCCCCGTTTT
>429
AAAAGTATGAAAAAGAAGCCGCCTT
>182
ACCCGCTCTCTGTATTTTCAATGTT
>428
TATGCACAATTTGTCCAGAGTGGCT
>183
TCCTCGCCCTGGGACACTTCCTCTC
>610
ACTGTTCCCTGAAGGATCCTGGTCC
>184
GACCTCAAAATCTGTTAGGAAAAGA
>185
CCAGATGACGACCGCTCATTAATAA
>612
GACTTCCAGCTCACCTGACTGCGCA
>186
TACATCTCCTGCCCCAGATTTGGTC
>611
TCAGGAGTGGACTCGTACTAATTTG
>809
GCTAATGTAGCTGTTTGCAGTTCTA
>614
AACTTTGTATTTCTTAAGTAAAAGG
>808
AACAATACAGGTTATTTCATTTCTG
>613
TTTGCTACAATGTGGATTCTCTAAG
>421
GTGTATTGTTCTTTGACAGACTTCC
>616
TCAGGCAAATCCTCTCAAGGATGAT
>420
CAAACTTGTGTATTAAATTATTGCT
>615
TGGACTCGTACTAATTTGTATTATT
>423
ATGAAGACTCAACAATTAGGACTCA
>618
ATCAAGAATCCAAAAGCCCGAGTTA
>422
GCTTGCTCTTTTTTTTATTTTTAGA
>617
CTATTACTGTGGATGGAAATGGGAA
>425
GATGGAAATGGGAAACCTTTTGCAG
>424
CGCCGAGAGCGGCGGGGCTGCCGGG
>619
CTAAATTGAAGCTTGTTAAAATAAT
>843
TCAGCTATTATTGTAGATGAAGCTC
>116
AAATCTGTTAGGAAAAGAAAAGGTA
>842
ACAATTTATCTCTCAGCCACTTGAG
>117
GGAGGCTGAGGCAGGAGAATCTCAA
>841
GATGGAAGCACAAAGTCCGAGGAAA
>114
TGAGATATGCACCCTGTGTCCGGGA
>840
GAGTGAGACACGAGAAGAATGGTGT
>115
CCGCCCTTGGTGGTTTTTATGATCA
>112
CCCGGAGTCTTCCCCGTCACTGTTC
>113
GAGCGTTGGCTGGTCGCTGAGGTGA
>110
CGGTCCTGGTCTTTTGCAGTGCGTT
>111
TGAAAGGTGTCAAATTGCACCACCT
>849
CTTCAAGAAGCAATTTTCTGACCCA
>848
TCGAGAACATGACCTCAAAATCTGT
>847
AAGGTCCTCCAGCAGCTTTTGAATC
>846
GTCGCAGCCAAGAAGATTTACTTCG
>845
CCGCGGGCAAGGGCTGCTTCAAGGT
>118
AGTCAAGTGGCAGCCACTGCCCTCT
>844
AAATATAGTGGGAAAATGAAGGTCC
>119
GGACTCGTACTAATTTGTATTATTG
>435
GATCAAAAGAACATCGAGGAGAGCT
>436
CTTGTGCATCTGACGGTCCTGGTCT
>433
GGAGAGGATGGTGCGGGGCAGCCCG
>434
GGTTCAAGAAACAGACCACTTTTCA
>431
GACTTTTAGGTAGCAGGATTCACTT
>432
GTCAAATTGCACCACCTCGGGGGTC
>430
TCCTGGAGAGGGAAGGCCAAGTGGA
>439
GGTATGCACAATTTGTCCAGAGTGG
>437
GCCAAAGAATGTTCTTTCAGGACCT
>438
CAACGTTGTTATATTATTTGATCCA
>830
GGTGAGTTGCGGATAAGGTGGATAA
>125
TCAGGCAGGGAAGCCCACGAGGAGA
>126
TCGCCGCCGAGAGCGGCGGGGCTGC
>832
AAAGGTGTCAAATTGCACCACCTCG
>127
ATATCAAGAAAACCACCAAGCTTTC
>831
AACTAAGGTCCCAAGGGTCATGTCT
>128
TGACGACCTATGAAACACTGCGCTT
>121
TGGGCTACTAGAGACCTCTGACCCC
>122
TCATGTTTTCCATAGAGAAGACACA
>123
GCAGGAGGGCATGGACATGGGCTTC
>124
GGAGTGGACTCGTACTAATTTGTAT
>838
CAGCACCCAGAGGTAAAGGAGTTCT
>837
GCAGTGGGAAATGGCGTCTCGGGAG
>839
TTCCACCAAGCTGCTGGATGTGCTG
>834
ATATGTTTTGATTAGAAGTTACAAA
>129
CCAAGGGCAAAGGGACCTTTGCAAT
>833
CCATGGATACAAGTGTATGAGGCAG
>836
TGAGCAGAACTGTTTAAGGCTGAAG
>835
ACCCTGTGTCCGGGAGGTATGCACA
>444
TTGGGTGTGAAGATAAATGCATGTA
>445
TTGACTACAATAAACACCTTTTCCC
>446
CTTTTCACATTACTATGATTTAGTA
>447
GACCTCCGTGGGCATTTTCAGACAG
>440
TGTCAAGACGGTGGAAAGCAGTGGG
>441
TTTTTATAATCACTCAGAGTTTGTG
>442
GAAGCCCAGAAATGTGTCCTGAGAA
>443
AAGATCAAGGAGATTAAGTCCCCAG
>120
ATCTTTACAACAGACGACCTTGTAG
>448
GCTTAGGCTAATATCCTTGGGCACA
>449
TCCTGTAACAGCAAAGGAAGCAAAT
>861
GAGAGCTCTTTGGTGTCCACAACCT
>134
TTTCCCTAATATCTGTTTTAATCAT
>860
AATCAGTTTTGATTCTATGTGTAAG
>135
TGCCTTAACTTTTCACATTACTATG
>132
TAATTTGTATTATTGACTACAATAA
>133
TGGCCCAGATAAGAAAAATAACACT
>865
ATTTCTGGCTGCAGTTTTGCATAAA
>138
CCGTATGGTATGACTTGAATCAGTT
>864
CATTCATTATCTGAAAGATAACCGA
>139
CTGTTTAAGGCTGAAGCGGCCATTG
>863
GTGTAAGGTCCGCATTGGCCTCACT
>136
CGATGAAAGCATAAGCAATACAGAG
>862
GAAGTAAAATCAACTAAAGATTACT
>137
TGAAGCAGTTTTCCCAGCTCCCTGC
>869
TATGGTATGACTTGAATCAGTTTTG
>868
TTCAGGAAGTGGCTTATATCCACTC
>867
ATCCGGACCACCAAACTTCAGATTA
>866
CCCTGGAGAACCTGAAGCTGTACAT
>450
TAAGAAAAATAACACTTTTATATCA
>453
CCACATCTGAAGAGCGACAGAAAAT
>454
GCGTCCCTTCCCCCATTGATTTTCT
>451
ATGGTCAGCTATTATTGTAGATGAA
>452
TACTGTATGGCCTCGGGCCTCGATT
>457
GATGTCTTGCTCCATCTTTGGATAA
>458
GTGAAAAGACTTTAGAACAGAATGT
>455
CTCTGTTTGTACTTCAGAACATCAG
>456
TGTATTATTGACTACAATAAACACC
>459
TACTACCACAAGATGTTCCCTGTCC
>131
GGCCATTCCCTGGGAAAGACTGATA
>130
CTCAGCTGCAGACTCTGATACTACC
>143
ATTAAGCTCAGATGTTGACGATGAA
>144
GGCTCTACCTGAGATATGCACCCTG
>850
CTGCGCACCCTCATCTATCAAGTCC
>145
TAATGAAAGGTGTCAAATTGCACCA
>146
GCAAAGACAGGTGGTGTCCGGGAGA
>852
GCAGGCCCGATGCTGCCTGAATCAG
>147
GTCTTTTGCAGTGCGTTTGTGCTGA
>851
ACCACGCTAGCCATCTCCATTCTAC
>148
ATGAGACAAAGGATCACCGTACAGC
>854
CTGCTAGCACCTCCAAACATCAGGA
>149
TTTGTTGGGGCCAACGTTGTTATAT
>853
GATGATGAGACAAAGGATCACCGTA
>856
CAAGCAGATTTGCCAAGGGCAAAGG
>855
TAGGACATGGACGTGCCATTAACCT
>858
GGCTCTCGGGCGGCCGCCCTGCTCC
>857
CTGTCCTGGAGGTAGTAATGCCTGG
>859
AGTGATAGAGACGCTGTGTACCAAA
>461
GCACCCCTGATGGTAGCAAGTTTCT
>460
AGTTACCTGACTGTGCTTCAGAAAG
>462
ATGATTTAGTAAATATAAATAGATT
>463
GTGAGGATACATCGAAGCTAATGCA
>464
AATTGCTCTGACGACCTATGAAACA
>465
GCTTTTCTGTTTATATGTTATATAG
>466
TTGATCCAACTTGGAATCCAGCCAA
>467
CACCTTTGTCAGGACACTGCGTTTC
>468
TTTTTACTAAAAAGTATGAAAAAGA
>469
GCCGGAAAGCCAAGGCTTCATGAGC
>140
ACTGCTTATGTTCTTTGGGATTCTG
>142
TCTTCAGAACTGTTCCCTGAAGGAT
>141
TGCTACTGGCCGAAAAGCCATGCAC
>687
TGGCTCTGATCCTCACATCCTCTCA
>686
TCCCGGCCATGTCGCAGCCAAGAAG
>689
AGATCTTCAGAACTGTTCCCTGAAG
>688
GGGTCAGAAAACACTCCTGAGGATG
>683
GCGTACCAAGACTCTTATCAAGGGC
>682
AGACATTAAGCTCAGATGTTGACGA
>685
CCCCACATAGCGCCCCCCGCTCCGG
>684
ATTCCACCAACAAAATGTCTCAAGT
>888
CTCACGGGGTGACACAGTGAGAACC
>889
GCAGAATGATGACAGTCTCAGCAAA
>884
ATGTGGTACACTAGTATTTCTTAAA
>885
TACTACTGCCCTAGTTAGGACAGAC
>886
TGCTTACTGTGAGGATACATCGAAG
>680
ACTCAGCTGCAGACTCTGATACTAC
>887
GGCCCTGGCTATGGATGTTCATGTA
>681
TACATCAGCAGCCGGCCGCCCTTGG
>880
GGCAACGCGTGATGTGTTTGAGTTG
>881
TTTAGAACAGAATGTTTCTTCTGAA
>882
ATACTACCACAAGATGTTCCCTGTC
>883
ATGTTCCCTGTCCTGGAGGTAGTAA
>678
TCCACTCAAATCAGAATGTGATCGG
>677
TTTCATTTCTGGCTGCAGTTTTGCA
>676
CTCCATTCTACTTTGGGGAACCCAG
>675
TCGTTGACAATTACTGGCCAATGAG
>674
TCTACAAGCAGCAACTTCACTGTGT
>673
AGGACGTCAGTGGGACCTCACAGGA
>672
TGTCAAGACGGTGGAAAGCAGTGGG
>671
CATTGCCTGCTGAATCGGCCAGGGC
>679
TGTGCCTTAGTTACCTGACTGTGCT
>879
TGCCTGGGACAATGTTACTTCTTTC
>877
AGAAGTTTTTGTGGAAGACATTAAG
>878
CATGGATACTTATAGATAATACACA
>875
CTGACGGTCCTGGTCTTTTGCAGTG
>876
ATACTGATACCCTGTCTCTCAAAGG
>670
TTATAATGAAGACTCAACAATTAGG
>873
ATTCCATCTTTGGCTAGTGCTTTTC
>874
GTCTACCCAGCCGCCCCAGTCCCTG
>871
GTGAATTCTGCTTCAGAATTGATAA
>872
AAAATAACATGCCAGAGTTTTTACT
>870
AAAATCTATTACTGTGGATGGAAAT
>696
C
>695
GAAGATAAATGCATGTAAGAGCAGC
>694
CCAAGTCAAGAATAAGAAAGCAAAG
>693
TCCATGGATACAAGTGTATGAGGCA
>890
CAGTTCCAAATCTCTTGTGTCTCGA
>699
GGAGACCGTAGCTCTCAGGTTATTG
>698
TGGCTTGCCCTCATATGTGGGGTGT
>697
CAGACTTGTTGGGTGTGAAGATAAA
>899
TCATGATCCTTTCCACCCGCTCTCT
>893
TTTGAAGTATGTGCATATGTGCTTT
>894
GCCTGAATCAGAAGGGCACCATCTT
>891
TCTTGTGTCTCGAGAACATGACCTC
>892
TTGTGCTGATGGTTTCCATGGATAC
>897
AAGTTCAGGGCCAGCCTGGGCCACA
>691
GGAAAGCAGTGGGAAATGGCGTCTC
>898
CTCTCAAGGATGATTTGGCCAACAC
>692
AGAGACGTTAAAGTGCTTAGGCTAA
>895
AAGCATAAGCAATACAGAGAGAGAG
>896
GTGGACTCGTACTAATTTGTATTAT
>690
ACTTCTTTCAAGGACAAGCAGATTT
>646
GCGCAGACTCCCGCAAAGACAGGTG
>647
ATACTACCACAAGATGTTCCCTGTC
>648
GTAGATGAAGCTCATAGAATCAAGA
>649
AAGGAGCTGTGGTGTGTCATGGACT
>195
CAGGAAACAGTTATCAAGAGGATAT
>642
TGGTCCAAACTTTTTACAGGCTTAT
>194
ACTACTTCCTTGAAATTTAAGAGAA
>643
GCAGCCCTTTGGAGGCTGAGGCAGG
>197
AGACTCAATTCCTTATACTATTAAT
>644
CTCACAGGAGCATGCGGTTCAAGAA
>196
GAAATGTGAAATTGCTCTGACGACC
>645
TGAGTTGCGGATAAGGTGGATAATA
>191
TTTGGTTTTTGGGGTTTTTTTATGT
>190
GAACTTACTGTTTTCCTTCTTCCTT
>193
GCTGTCAAGACGGTGGAAAGCAGTG
>640
CGTCTCGGGAGTCAGGCGGCTCTCG
>192
TGGAGAGGGAAGGCCAAGTGGAAGC
>641
TTCAGTGGCCATTACCTTGACCTTG
>198
GCCAAAGACATTTCAAGTGCCTGTA
>199
AATAAACATTTGATTTTAATTGAA
>639
TACTGTTTTCCTTCTTCCTTGGAAT
>637
GCAGAACTGTTTAAGGCTGAAGCGG
>638
TGTCCCCCAAGCTGCCTGGCCCAGA
>635
CATGTGTCTTTCTGCAGAAGCCAGA
>636
ATGAATTGGATACCTGGGGATATTT
>633
CATCAGGAAACAGTTATCAAGAGGA
>634
AAATTACTTAGGTATGTCAGCACTT
>631
GACTGCAGACACATCTGGGCCCAGT
>632
GGCAGGAGAATCTCAAGTTCAGGGC
>630
GGCCAGATCGTCTACCCAGCCGCCC
>668
TTGTATTATTGACTACAATAAACAC
>669
CTTCGTTTAAAGCAGAGGAAATGTG
>660
TTATCATAGACCTTCAGGCAAATCC
>661
CACCACACCAGAGAGCACCATGACC
>662
GCAGCTGCTGCCTGCCCAGAGCAGC
>663
AAGAAGTAAAATCAACTAAAGATTA
>664
AGTTACTAGGGCCACATCTGAAGAG
>665
CGTCCCTTCCCCCATTGATTTTCTG
>666
TAAATCATGGTGATGACAGACAGAA
>667
GAGATCAACATCACCTTCACCCTGC
>659
CTGATGGTTTCCATGGATACAAGTG
>657
GCCTGAATCAGAAGGGCACCATCTT
>658
TTGCAGTTGTCCTGTATCCAGACTT
>651
AGCACCCAGAGGTAAAGGAGTTCTT
>652
CCCTGTGTCCGGGAGGTATGCACAA
>650
GAGCGTATAGGATTGGACAGTGTAG
>655
TCTGTGATGGCGTCCCTTCCCCCAT
>656
GCACCATCTTGGGGCTAGATCTTCA
>653
GCAGTTTGAAGAAATGGCCTCTTAC
>654
TCTTCACGGAGAGCCAGGGCGTGTG
>35
GGCCTCGATTACCGGCGACTCGATG
>36
AACCTCTTCAAACTAAGGTCCCAAG
>33
CCGCCCTGCTCCTGGTTCTGGGCGT
>34
TTAAGCTTTCGAGAGGGTTTTTTGT
>39
AAGTTACTAGGGCCACATCTGAAGA
>37
AGTGCGTTTGTGCTGATGGTTTCCA
>38
TGCCAAGCGATACTTTGAAGCAGTA
>43
ATAGCCTAACTTTGTATTTCTTAAG
>42
ACGTGCCGTGCTCTCCTCGCCGCCG
>41
TTATAGCCTAACTTTGTATTTCTTA
>40
TGGATAAAATATTAGATGGTGTTCA
>22
GCAAGCATAAAATCTATTACTGTGG
>23
TGAGGTGACGCCGCCGCGTCAGGCC
>24
TCAGAAATCAGATAACATCCAAACT
>25
TGATGACATTGACATGTTCCCCAAG
>26
GATTTGGTCTTCAGAACAAATGTAA
>27
AAACACCTAGAGACCCTGACTGTCA
>28
CTGCTAATGTAGCTGTTTGCAGTTC
>29
GAAGCAAATCAAGTGTGTGCAGCTG
>30
ATGCAGCCTTTGAGACACTTTCTGA
>32
ATGGGTTCTTTCCCTAATATCTGTT
>31
GAAGTTTTTGTGGAAGACATTAAGC
>19
AACTTGTGTATTAAATTATTGCTTT
>17
CCTGGCTCTACCTGAGATATGCACC
>18
ATGTAGTTTATGTAGTACTGGAGGT
>15
TGGATAAAATATTAGATGGTGTTCA
>16
ACAGTGAGAGAAAGGACCACACACC
>13
TCGCAGCCAAGAAGATTTACTTCGT
>14
CCTTCAAAGTCAAGGAATTCTGAGA
>11
AAGTCAGACCAGGATGGCGATGGCA
>12
GCCGCCTTCTACAGCTAAAAAGATG
>21
TTGATAATGAAAGGTGTCAAATTGC
>20
GACATCTCCGCCCCGCAGTCCCGCG
>10
CGTATAGGATTGGACAGTGTAGAGA
>79
TGGGTTTACTCAGCTGCAGACTCTG
>78
AGGCTCAAGATTGTGAAGGAGTTTA
>77
CTTTAGTCTAGTCTTCTCTGAGACT
>82
ACCTCTTCAATAATGTTTTAAGTAC
>83
TCTATACATCACACATCTCCAGGAG
>80
GCCAGCTGCCTAAGAAAGAAGACCG
>81
GTTGTTGTTCCAGATGACGACCGCT
>86
GACCGGATGGTGTATTGTTCTTTGA
>87
ACTCATGGATACTTATAGATAATAC
>84
TCAATGTATGGCATTATGTTAAAAA
>85
ATAGGTATGTAATGTGGAACCGACA
>67
GTCCAGAGTGGCTGCTTACTGTGAG
>66
GGGCAAGGGCTGCTTCAAGGTCCTG
>69
AACCTTATTTCCCAGATCGAAAAAT
>68
TGTGTAAGTTCTCATCGTTTGGAAC
>70
CTGAGCAGCTCGTGTTCCAGCGCCA
>71
GATCAAAAGAACATCGAGGAGAGCT
>72
GACTGCGCACCCTCATCTATCAAGT
>73
TTGAATCAGTTTTGATTCTATGTGT
>74
AAGGATCAAAAGAACATCGAGGAGA
>75
GGCACCCCTGATGGTAGCAAGTTTC
>76
GCCATTGATAATGAAAGGTGTCAAA
>59
AGCACAGCTCACTTTGCTACAATGT
>58
AAAGATGTATATCGTACTAACCATA
>57
AACAGCAACTCTGAAGCCCTGGAGG
>56
CGAAAAGCCATGCACAGGCTTGCAA
>55
GACACTACATAGAGGGGAGAGGGTG
>64
CTTAACAGTTTGGAATGGTCAGCTA
>65
CAGAACAGTGGCAGAGGGAATGGAC
>62
AAAGCAGTTTGAAGAAATGGCCTCT
>63
CTTTTTTTTATTTTTAGAGGAAATA
>60
CAATGAGCTGCTTCGTTTAAAGCAG
>61
GACTCCCGCAAAGACAGGTGGTGTC
>49
CTTTTGCAGTTGTCCTGTATCCAGA
>48
CTTGCTGGTATACCTCAGAAGTGGA
>45
TGGATGAAGGTTGGAAGAGTCTGGG
>44
GCTTCAGAAAGTAGCTAACCATGTT
>47
TCCAGAGTGGCTGCTTACTGTGAGG
>46
CATTGGCATTGGGAACTTACTGTTT
>51
ACTTTTATATCAAGAAAACCACCAA
>52
GTAGAGACGTTAAAGTGCTTAGGCT
>53
CTAATGCAGGCCCGATGCTGCCTGA
>54
GGAACATGGCCAGAGACACACAGCA
>50
TGCATTTTATAATAAATAGGGAAAC
>281
TCTCTCAAAGGGAGAAAAATTACTT
>487
CGAGTTACAGAAGTTATGAAGGCTG
>280
TGTTTCAGACTGGCGTGCTGAGTGC
>486
AAAACCCCTCAAATGATAGTACTTT
>485
TCTGCAGAAGCCAGACAGGCTGCTC
>484
GAGATCTGAAGGAAGAAGGCATGAG
>285
CTGTGAGGATACATCGAAGCTAATG
>284
CACAAGATGTTCCCTGTCCTGGAGG
>283
GTGTTTGAGTTGAAGCAGTTTTCCC
>489
TTTTT
>282
GGTGTCCATTATAGCCATGGGGAAC
>488
TTACAGAAGTTATGAAGGCTGTGAA
>288
GATCCAACTTGGAATCCAGCCAACG
>289
TGACCCTCACAGCTGCCCCCGGAGT
>286
CTCCAGAATGCCCCAAAGTCAAGTG
>287
ATTGAA
>482
GGGGCGGTTGCCGCTGGTGGGAAGC
>483
TCTGGCTGGTTTCTCAGGCGTACCA
>480
AAAAGACAATACCTCTTCAAAGACT
>481
AGAAACAAAAGGGTAGAAAACCCAG
>474
TAAAAGGAAATGAATAAACATTTGA
>473
TGATTCTATGTGTAAGTTCTCATCG
>270
AAGGGTGCCATTGGGAAAGTCTACC
>476
GTTACTGTTTTACACGGTAGCAAAA
>475
CGCCCTCTCTTGGAGGGGAGTCATG
>272
TTGTGAGCTCTACAGCGACATCAGT
>478
ACACTGCGCTTGTGTCTGGAGGAGC
>271
GGAACTCGTGAAGATATTGAAAATA
>477
ATGTTCAGTATCAACCCCCTGGAGA
>274
CTGTTCCCTGAAGGATCCTGGTCCA
>273
CTCTGATCCTCACATCCTCTCAGCC
>479
CCAGAGGTAAAGGAGTTCTTTGTGA
>275
TTAATCATTAACGCTCATGTATGTA
>276
TTCTGTAGTGAAGAGCAGAGTTCCG
>277
GGACTTTATGCAAGCACTCTGGGCA
>278
TCCACCACGCTAGCCATCTCCATTC
>279
AGTGGACTCGTACTAATTTGTATTA
>470
AGCTCTGAAACATCGTCTTCCACCT
>471
TTGTCCAGAGTGGCTGCTTACTGTG
>472
AAGCAAAGATGCAGCCTTTGAGACA
>109
GAGGAATAAATCTAAAGAAAAAGAA
>108
TTTCAAGAAAAGACAATACCTCTTC
>107
CATTATCTGAAAGATAACCGACACA
>106
GCGAGCTGTCAAGACGGTGGAAAGC
>105
AATTCTGAGAAGCCCCCTAATGTGT
>104
CGTTGACAATTACTGGCCAATGAGC
>103
CCAGATGAAAAATGTGTTTCTGATA
>99
GTACAGATGATATTAGCGATGAGTC
>102
CACGCTAGCCATCTCCATTCTACTT
>101
CTAAAAAGTATGAAAAAGAAGCCGC
>100
ACCCTGTGTCCGGGAGGTATGCACA
>98
TAATGAAAGGTGTCAAATTGCACCA
>97
TTTCAATGTTTTTCTCTCAGCGCCT
>96
GGGCATTTTCAGACAGACAGAGTTG
>95
GCAAGCACTCTGGGCAACTGAGCTA
>94
TGAAGTTAACTCACTATATTCGGAA
>93
AATAAACACCTTTTCCCCCGTTTTA
>92
TCCGGGAGGTATGCACAATTTGTCC
>91
CTCCTCGCCGCCGAGAGCGGCGGGG
>294
TCCCCAAAATGCTTGGGACATGACC
>90
CAGGTTATTTCATTTCTGGCTGCAG
>293
ACTTGGAATCCAGCCAACGATCTTC
>499
TGATTTGGCCAACACCTTCCGTGGG
>296
CCACAACAGTCTTCTGTCCAAACAG
>295
TGTCCCCCAAGCTGCCTGGCCCAGA
>290
CGTGGTTTTCTGCCTTCACCCGGAA
>496
GGGCAGCAGATCCATCTCCCGTCCC
>495
CAGTGGAACATGGCCAGAGACACAC
>292
GGCTTATACTGCTATTATCATAGAC
>498
GCAACTGAGCTACATCTCCTGCCCC
>291
AGGTATTCATAAGAAAAATTACTTA
>497
CATAGCGCCCCCCGCTCCGGGCGGG
>491
AAGGAGATTAAGTCCCCAGAAATGG
>492
TGTCTGGCTGGTTTCTCAGGCGTAC
>493
TCAGAACTGTTCCCTGAAGGATCCT
>494
GTTTAACAGTTCACAAGATGTGAAC
>297
AAGACCAACTCACGGGGTGACACAG
>298
ACCCTGCCTGCTGCCTGGAACGCCG
>299
CCCGCAAAGACAGGTGGTGTCCGGG
>490
TCAAATTGCACCACCTCGGGGGTCT
>88
GCCGCCGCGTCAGGCCCCACATAGC
>89
GCATGTGAGATAATATGACCTCCGT
>240
CCTGGCTTGAGAAGTAGCTGTGTAG
>241
AAAGATTTAGAAAAACCTTATTTCC
>245
CACCCTCATCTATCAAGTCCCGGCC
>244
GTCCTGTATCCAGACTTTCAAGAAA
>243
GGCTGCTTACTGTGAGGATACATCG
>242
CTTGCGAGATTACCAAAGGGAGGGG
>249
GGGCAGGAGGGCATGGACATGGGCT
>248
GGCCCTGGCTATGGATGTTCATGTA
>247
AAACTTCAGATTAAGCTGTTACTGA
>246
TCACGGGGTGACACAGTGAGAACCT
>230
CGCCTTCTACAGCTAAAAAGATGTT
>239
CAGAAATGGCTGAGGATTGGAATAC
>232
CACTTCCTCTCAGAGTTGTTTGTAT
>231
CTAAAAAGTATGAAAAAGAAGCCGC
>234
TTAAGCTGTTACTGAGTGAGACACG
>233
CTAGCCATCTCCATTCTACTTTGGG
>236
GAAAGGCTCAAGATTGTGAAGGAGT
>235
CAATTTTCTGACCCAGTGGAACATG
>238
ATATTTATAAACACTGATCTGGAAA
>237
TTCACAGCATGCATGACCCTCACAG
>262
ATACAAGTGTATGAGGCAGGGCTCA
>263
GCATTCTTAGATGGAAAACAATACT
>260
CTTGGGGCTAGATCTTCAGAACTGT
>261
TGAAGCTCATAGAATCAAGAATCCA
>269
TTAACAAATCACCTGTCAGCTTTAC
>268
AGTGTTAGAAACAGAAGATGTGGCT
>267
TCCAGAGTGGCTGCTTACTGTGAGG
>266
CATTGATAATGAAAGGTGTCAAATT
>265
TTTCAATTATCTGAAGATGGAGACT
>264
GACACTTGGTTCAGGAGTGGACTCG
>250
AAGGACCACACACCCAAGGATACCA
>251
TTTCTGGGACATCTTGAATGAGCAG
>252
TTGTCTCTCACCGTATGGTATGACT
>904
TGTGGTGGTTGGAAGTGAAAATGCC
>258
CTTGGTGATGACATGGGACTTGGAA
>903
TTAACCTAGATATTGATGAGCTGCT
>257
GCGCCTTGCCTTAACAATCCCCAGA
>906
ATTTTCAGACAGACAGAGTTGAGAG
>905
CAAAGAGATAAGGTTCTTCTCTTTT
>259
GTCACCTACAGAGAAAGATCAACCA
>900
ACTTTTTACAGGCTTATACTGCTAT
>254
TGTATTTTCAATGTTTTTCTCTCAG
>253
TTAATAGTTGCTCCTCTTTCTGTCC
>902
CTGACCCTAAATATAGTGGGAAAAT
>256
GGACATTCCTCCTCGCCCTGGGACA
>901
TGAAGCGGCCATTGATAATGAAAGG
>255
AGAGCTCTTTGGTGTCCACAACCTC
